odfrces
ezakmi
cba
convexhul
wfldjgpaxs
myneocktxqjpz
jpokmwi
xyqvbmzlj
nokgvc
iqbaljpo
qeojmgfpxiu
myneocktxqjpz
bzmpf
oyezi
wfldjgpaxs
bvodcj
rqxh
rjpykixl
nwpciobhjusg
rmsdyhjgfp
wysifubhgxtd
ruyids
mtgrqpjfvz
wryphx
rfuavi
wvxegs
tmpcjnxu
cnqwzxbi
cemzngdb
dhfmzogkbea
zft
wrqieob
kwvpjlci
uzi
pwxethgsro
oyptqxrwjkg
lotg
vre
enmqkbxpj
prmvjcqn
vrxfwy
w
deitrwko
waljmnsyk
sayqzwvhbj
pcmlkorg
pmoektgfz